[2026-08-10 09:16:33] 日志功能测试
[2026-08-10 09:16:33] 第一条日志记录
[2026-08-10 09:16:33] ✅ 日志写入成功
[2026-08-10 11:58:46] ============================================================
[2026-08-10 11:58:46]   汽车之家口碑数据 - 一键增量更新（增强版 v2.0）
[2026-08-10 11:58:46]   启动时间: 2026-08-10 11:58:46
[2026-08-10 11:58:46]   数据存储: 阿里云RDS PostgreSQL (baoxian库)
[2026-08-10 11:58:46]   模式: 无头（后台运行）
[2026-08-10 11:58:46] ============================================================
[2026-08-10 11:58:46] 启动前等待 19.6 秒...
[2026-08-10 11:59:06] 
[1/2] 连接云端数据库...
[2026-08-10 11:59:06] [2/2] 启动浏览器...
[2026-08-10 11:59:08] 
共 28 个车系待处理，开始增量更新...

[2026-08-10 11:59:08] 
==================================================
[2026-08-10 11:59:08] 【1/28】阿维塔06
[2026-08-10 11:59:08] ==================================================
[2026-08-10 11:59:42]   ✅ 成功 | 耗时: 35秒
[2026-08-10 11:59:42] 
等待 58.5 秒后处理下一个车系...
[2026-08-10 12:00:41] 
==================================================
[2026-08-10 12:00:41] 【2/28】阿维塔07
[2026-08-10 12:00:41] ==================================================
[2026-08-10 12:01:40]   ✅ 成功 | 耗时: 60秒
[2026-08-10 12:01:40] 
等待 44.8 秒后处理下一个车系...
[2026-08-10 12:02:25] 
==================================================
[2026-08-10 12:02:25] 【3/28】长安启源A06
[2026-08-10 12:02:25] ==================================================
[2026-08-10 12:03:16]   ✅ 成功 | 耗时: 51秒
[2026-08-10 12:03:16] 
等待 41.0 秒后处理下一个车系...
[2026-08-10 12:03:57] 
==================================================
[2026-08-10 12:03:57] 【4/28】腾势D9
[2026-08-10 12:03:57] ==================================================
[2026-08-10 12:05:29]   ✅ 成功 | 耗时: 91秒
[2026-08-10 12:05:29] 
等待 49.1 秒后处理下一个车系...
[2026-08-10 12:06:38] 
==================================================
[2026-08-10 12:06:38] 【5/28】星途ET5
[2026-08-10 12:06:38] ==================================================
[2026-08-10 12:07:35]   ✅ 成功 | 耗时: 57秒
[2026-08-10 12:07:35] 
等待 30.6 秒后处理下一个车系...
[2026-08-10 12:08:06] 
==================================================
[2026-08-10 12:08:06] 【6/28】小鹏MONA M03
[2026-08-10 12:08:06] ==================================================
[2026-08-10 12:09:22]   ✅ 成功 | 耗时: 77秒
[2026-08-10 12:09:23] 
等待 32.6 秒后处理下一个车系...
[2026-08-10 12:10:09] 
==================================================
[2026-08-10 12:10:09] 【7/28】长安启源Q07
[2026-08-10 12:10:09] ==================================================
[2026-08-10 12:11:05]   ✅ 成功 | 耗时: 56秒
[2026-08-10 12:11:05] 
等待 30.6 秒后处理下一个车系...
[2026-08-10 12:11:36] 
==================================================
[2026-08-10 12:11:36] 【8/28】深蓝S09
[2026-08-10 12:11:36] ==================================================
[2026-08-10 12:12:05]   ✅ 成功 | 耗时: 29秒
[2026-08-10 12:12:05] 
等待 55.3 秒后处理下一个车系...
[2026-08-10 12:13:00] 
==================================================
[2026-08-10 12:13:00] 【9/28】唐新能源
[2026-08-10 12:13:00] ==================================================
[2026-08-10 12:13:59]   ✅ 成功 | 耗时: 59秒
[2026-08-10 12:13:59] 
等待 56.5 秒后处理下一个车系...
[2026-08-10 12:14:56] 
==================================================
[2026-08-10 12:14:56] 【10/28】唐L
[2026-08-10 12:14:56] ==================================================
[2026-08-10 12:16:09]   ✅ 成功 | 耗时: 73秒
[2026-08-10 12:16:09] 
等待 55.2 秒后处理下一个车系...
[2026-08-10 12:17:04] 
==================================================
[2026-08-10 12:17:04] 【11/28】唐
[2026-08-10 12:17:04] ==================================================
[2026-08-10 12:17:41]   ✅ 成功 | 耗时: 37秒
[2026-08-10 12:17:41] 
等待 52.4 秒后处理下一个车系...
[2026-08-10 12:18:33] 
==================================================
[2026-08-10 12:18:33] 【12/28】夏
[2026-08-10 12:18:33] ==================================================
[2026-08-10 12:19:56]   ✅ 成功 | 耗时: 83秒
[2026-08-10 12:19:56] 
等待 48.6 秒后处理下一个车系...
[2026-08-10 12:21:01] 
==================================================
[2026-08-10 12:21:01] 【13/28】汉
[2026-08-10 12:21:01] ==================================================
[2026-08-10 12:22:28]   ✅ 成功 | 耗时: 87秒
[2026-08-10 12:22:28] 
等待 50.5 秒后处理下一个车系...
[2026-08-10 12:23:19] 
==================================================
[2026-08-10 12:23:19] 【14/28】汉L
[2026-08-10 12:23:19] ==================================================
[2026-08-10 12:23:44]   ✅ 成功 | 耗时: 26秒
[2026-08-10 12:23:45] 
等待 34.2 秒后处理下一个车系...
[2026-08-10 12:24:19] 
==================================================
[2026-08-10 12:24:19] 【15/28】海狮07 EV
[2026-08-10 12:24:19] ==================================================
[2026-08-10 12:24:53]   ✅ 成功 | 耗时: 34秒
[2026-08-10 12:24:53] 
等待 45.1 秒后处理下一个车系...
[2026-08-10 12:25:38] 
==================================================
[2026-08-10 12:25:38] 【16/28】海狮07 DM-i
[2026-08-10 12:25:38] ==================================================
[2026-08-10 12:26:16]   ✅ 成功 | 耗时: 37秒
[2026-08-10 12:26:16] 
等待 51.0 秒后处理下一个车系...
[2026-08-10 12:27:27] 
==================================================
[2026-08-10 12:27:27] 【17/28】海豹07 EV
[2026-08-10 12:27:27] ==================================================
[2026-08-10 12:28:04]   ✅ 成功 | 耗时: 37秒
[2026-08-10 12:28:04] 
等待 39.0 秒后处理下一个车系...
[2026-08-10 12:28:43] 
==================================================
[2026-08-10 12:28:43] 【18/28】海豹07 DM-i
[2026-08-10 12:28:43] ==================================================
[2026-08-10 12:29:22]   ✅ 成功 | 耗时: 40秒
[2026-08-10 12:29:22] 
等待 56.7 秒后处理下一个车系...
[2026-08-10 12:30:19] 
==================================================
[2026-08-10 12:30:19] 【19/28】海豹
[2026-08-10 12:30:19] ==================================================
[2026-08-10 12:30:58]   ✅ 成功 | 耗时: 39秒
[2026-08-10 12:30:58] 
等待 58.1 秒后处理下一个车系...
[2026-08-10 12:31:56] 
==================================================
[2026-08-10 12:31:56] 【20/28】捷途山海L7 PLUS
[2026-08-10 12:31:56] ==================================================
[2026-08-10 12:32:33]   ✅ 成功 | 耗时: 37秒
[2026-08-10 12:32:33] 
等待 44.8 秒后处理下一个车系...
[2026-08-10 12:33:18] 
==================================================
[2026-08-10 12:33:18] 【21/28】星纪元 ES
[2026-08-10 12:33:18] ==================================================
[2026-08-10 12:35:55]   ✅ 成功 | 耗时: 157秒
[2026-08-10 12:35:55] 
等待 55.9 秒后处理下一个车系...
[2026-08-10 12:37:14] 
==================================================
[2026-08-10 12:37:14] 【22/28】星纪元 ET
[2026-08-10 12:37:14] ==================================================
[2026-08-10 12:37:48]   ✅ 成功 | 耗时: 34秒
[2026-08-10 12:37:48] 
随机长时间休息 239.2 秒...
[2026-08-10 12:41:48] 
==================================================
[2026-08-10 12:41:48] 【23/28】岚图梦想家
[2026-08-10 12:41:48] ==================================================
[2026-08-10 12:44:51]   ✅ 成功 | 耗时: 184秒
[2026-08-10 12:44:51] 
等待 55.3 秒后处理下一个车系...
[2026-08-10 12:45:47] 
==================================================
[2026-08-10 12:45:47] 【24/28】岚图知音
[2026-08-10 12:45:47] ==================================================
[2026-08-10 12:51:38]   ✅ 成功 | 耗时: 351秒
[2026-08-10 12:51:38] 
等待 41.4 秒后处理下一个车系...
[2026-08-10 12:52:20] 
==================================================
[2026-08-10 12:52:20] 【25/28】极狐 阿尔法S
[2026-08-10 12:52:20] ==================================================
[2026-08-10 12:52:57]   ✅ 成功 | 耗时: 37秒
[2026-08-10 12:52:57] 
等待 53.5 秒后处理下一个车系...
[2026-08-10 12:54:05] 
==================================================
[2026-08-10 12:54:05] 【26/28】风云A9L
[2026-08-10 12:54:05] ==================================================
[2026-08-10 12:56:04]   ✅ 成功 | 耗时: 119秒
[2026-08-10 12:56:04] 
等待 36.4 秒后处理下一个车系...
[2026-08-10 12:56:41] 
==================================================
[2026-08-10 12:56:41] 【27/28】风云T11
[2026-08-10 12:56:41] ==================================================
[2026-08-10 12:57:41]   ✅ 成功 | 耗时: 60秒
[2026-08-10 12:57:41] 
等待 38.2 秒后处理下一个车系...
[2026-08-10 12:58:19] 
==================================================
[2026-08-10 12:58:19] 【28/28】大唐
[2026-08-10 12:58:19] ==================================================
[2026-08-10 13:06:49]   ✅ 成功 | 耗时: 509秒
[2026-08-10 13:06:49] 
============================================================
[2026-08-10 13:06:49]   一键增量更新完成!
[2026-08-10 13:06:49]   成功: 28  部分成功: 0  失败: 0  跳过: 0
[2026-08-10 13:06:49]   总耗时: 68.0 分钟
[2026-08-10 13:06:49]   数据已存入阿里云RDS PostgreSQL (baoxian库)
[2026-08-10 13:06:49]   日志文件: logs\koubei_batch_20260810.log
[2026-08-10 13:06:49] ============================================================
[2026-08-10 13:06:49] 
  📋 简报已生成: briefings\口碑爬取简报_20260810_1306.md
[2026-08-10 13:06:52] 
完成时间: 2026-08-10 13:06:52
[2026-08-10 13:06:52] 总耗时: 68.1 分钟
[2026-08-10 15:15:41] ============================================================
[2026-08-10 15:15:41]   汽车之家口碑数据 - 一键增量更新（增强版 v2.0）
[2026-08-10 15:15:41]   启动时间: 2026-08-10 15:15:41
[2026-08-10 15:15:41]   数据存储: 阿里云RDS PostgreSQL (baoxian库)
[2026-08-10 15:15:41]   模式: 无头（后台运行）
[2026-08-10 15:15:41]   指定车系: 岚图知音,大唐
[2026-08-10 15:15:41] ============================================================
[2026-08-10 15:15:41] 启动前等待 13.1 秒...
[2026-08-10 15:15:54] 
[1/2] 连接云端数据库...
[2026-08-10 15:15:54] [2/2] 启动浏览器...
[2026-08-10 15:15:56] 
运行出错: expected str, bytes or os.PathLike object, not NoneType
[2026-08-10 15:15:56] Traceback (most recent call last):
  File "D:\数据\口碑\口碑爬取\一键爬取所有口碑.py", line 264, in main
    chexi_to_process = filter_chexi_list(all_chexi, args.chexi)
  File "D:\数据\口碑\口碑爬取\一键爬取所有口碑.py", line 176, in filter_chexi_list
    write_log(None, f"  跳过非指定车系: {c['name']}")
    ~~~~~~~~~^^^^^^^^^^^^^^^^^^^^^^^^^^^^^^^^^^^^^^^^
  File "D:\数据\口碑\口碑爬取\一键爬取所有口碑.py", line 138, in write_log
    with open(log_file, 'a', encoding='utf-8') as f:
         ~~~~^^^^^^^^^^^^^^^^^^^^^^^^^^^^^^^^^
TypeError: expected str, bytes or os.PathLike object, not NoneType

[2026-08-10 15:15:59] 
完成时间: 2026-08-10 15:15:59
[2026-08-10 15:15:59] 总耗时: 0.3 分钟
[2026-08-10 15:16:41] ============================================================
[2026-08-10 15:16:41]   汽车之家口碑数据 - 一键增量更新（增强版 v2.0）
[2026-08-10 15:16:41]   启动时间: 2026-08-10 15:16:41
[2026-08-10 15:16:41]   数据存储: 阿里云RDS PostgreSQL (baoxian库)
[2026-08-10 15:16:41]   模式: 无头（后台运行）
[2026-08-10 15:16:41]   指定车系: 岚图知音,大唐
[2026-08-10 15:16:41] ============================================================
[2026-08-10 15:16:41] 启动前等待 9.0 秒...
[2026-08-10 15:16:50] 
[1/2] 连接云端数据库...
[2026-08-10 15:16:50] [2/2] 启动浏览器...
[2026-08-10 15:16:52] 
共 2 个车系待处理，开始增量更新...

[2026-08-10 15:16:52] 
==================================================
[2026-08-10 15:16:52] 【1/2】岚图知音
[2026-08-10 15:16:52] ==================================================
[2026-08-10 15:19:38]   ✅ 成功 | 耗时: 166秒
[2026-08-10 15:19:38] 
随机长时间休息 214.1 秒...
[2026-08-10 15:23:12] 
==================================================
[2026-08-10 15:23:12] 【2/2】大唐
[2026-08-10 15:23:12] ==================================================
[2026-08-10 15:33:59]   ✅ 成功 | 耗时: 647秒
[2026-08-10 15:33:59] 
============================================================
[2026-08-10 15:33:59]   一键增量更新完成!
[2026-08-10 15:33:59]   成功: 2  部分成功: 0  失败: 0  跳过: 0
[2026-08-10 15:33:59]   总耗时: 17.3 分钟
[2026-08-10 15:33:59]   数据已存入阿里云RDS PostgreSQL (baoxian库)
[2026-08-10 15:33:59]   日志文件: logs\koubei_batch_20260810.log
[2026-08-10 15:33:59] ============================================================
[2026-08-10 15:33:59] 
  📋 简报已生成: briefings\口碑爬取简报_20260810_1533.md
[2026-08-10 15:34:02] 
完成时间: 2026-08-10 15:34:02
[2026-08-10 15:34:02] 总耗时: 17.3 分钟
[2026-08-10 17:50:47] ============================================================
[2026-08-10 17:50:47]   汽车之家口碑数据 - 一键增量更新（增强版 v2.0）
[2026-08-10 17:50:47]   启动时间: 2026-08-10 17:50:47
[2026-08-10 17:50:47]   数据存储: 阿里云RDS PostgreSQL (baoxian库)
[2026-08-10 17:50:47]   模式: 无头（后台运行）
[2026-08-10 17:50:47] ============================================================
[2026-08-10 17:50:47] 启动前等待 10.0 秒...
[2026-08-10 17:50:57] 
[1/2] 连接云端数据库...
[2026-08-10 17:50:57] [2/2] 启动浏览器...
[2026-08-10 17:50:59] 
共 28 个车系待处理，开始增量更新...

[2026-08-10 17:50:59] 
==================================================
[2026-08-10 17:50:59] 【1/28】阿维塔06
[2026-08-10 17:50:59] ==================================================
[2026-08-10 17:51:33]   ✅ 成功 | 耗时: 34秒
[2026-08-10 17:51:33] 
等待 44.1 秒后处理下一个车系...
[2026-08-10 17:52:17] 
==================================================
[2026-08-10 17:52:17] 【2/28】阿维塔07
[2026-08-10 17:52:17] ==================================================
[2026-08-10 17:53:18]   ✅ 成功 | 耗时: 60秒
[2026-08-10 17:53:18] 
等待 55.5 秒后处理下一个车系...
[2026-08-10 17:54:13] 
==================================================
[2026-08-10 17:54:13] 【3/28】长安启源A06
[2026-08-10 17:54:13] ==================================================
[2026-08-10 17:55:14]   ✅ 成功 | 耗时: 61秒
[2026-08-10 17:55:14] 
等待 58.8 秒后处理下一个车系...
[2026-08-10 17:56:13] 
==================================================
[2026-08-10 17:56:13] 【4/28】腾势D9
[2026-08-10 17:56:13] ==================================================
[2026-08-10 17:57:35]   ✅ 成功 | 耗时: 82秒
[2026-08-10 17:57:35] 
等待 31.6 秒后处理下一个车系...
[2026-08-10 17:58:07] 
==================================================
[2026-08-10 17:58:07] 【5/28】星途ET5
[2026-08-10 17:58:07] ==================================================
[2026-08-10 17:58:59]   ✅ 成功 | 耗时: 52秒
[2026-08-10 17:58:59] 
等待 47.8 秒后处理下一个车系...
[2026-08-10 17:59:46] 
==================================================
[2026-08-10 17:59:46] 【6/28】小鹏MONA M03
[2026-08-10 17:59:46] ==================================================
[2026-08-10 18:01:03]   ✅ 成功 | 耗时: 77秒
[2026-08-10 18:01:03] 
随机长时间休息 239.8 秒...
[2026-08-10 18:05:03] 
==================================================
[2026-08-10 18:05:03] 【7/28】长安启源Q07
[2026-08-10 18:05:03] ==================================================
[2026-08-10 18:06:16]   ✅ 成功 | 耗时: 73秒
[2026-08-10 18:06:16] 
等待 38.7 秒后处理下一个车系...
[2026-08-10 18:07:18] 
==================================================
[2026-08-10 18:07:18] 【8/28】深蓝S09
[2026-08-10 18:07:18] ==================================================
[2026-08-10 18:07:46]   ✅ 成功 | 耗时: 28秒
[2026-08-10 18:07:46] 
等待 48.3 秒后处理下一个车系...
[2026-08-10 18:08:35] 
==================================================
[2026-08-10 18:08:35] 【9/28】唐新能源
[2026-08-10 18:08:35] ==================================================
[2026-08-10 18:10:00]   ✅ 成功 | 耗时: 85秒
[2026-08-10 18:10:00] 
等待 57.0 秒后处理下一个车系...
[2026-08-10 18:10:57] 
==================================================
[2026-08-10 18:10:57] 【10/28】唐L
[2026-08-10 18:10:57] ==================================================
[2026-08-10 18:11:51]   ✅ 成功 | 耗时: 54秒
[2026-08-10 18:11:51] 
等待 57.3 秒后处理下一个车系...
[2026-08-10 18:12:49] 
==================================================
[2026-08-10 18:12:49] 【11/28】唐
[2026-08-10 18:12:49] ==================================================
[2026-08-10 18:13:23]   ✅ 成功 | 耗时: 35秒
[2026-08-10 18:13:23] 
等待 57.7 秒后处理下一个车系...
[2026-08-10 18:14:21] 
==================================================
[2026-08-10 18:14:21] 【12/28】夏
[2026-08-10 18:14:21] ==================================================
[2026-08-10 18:15:38]   ✅ 成功 | 耗时: 77秒
[2026-08-10 18:15:38] 
等待 58.0 秒后处理下一个车系...
[2026-08-10 18:16:52] 
==================================================
[2026-08-10 18:16:52] 【13/28】汉
[2026-08-10 18:16:52] ==================================================
[2026-08-10 18:18:20]   ✅ 成功 | 耗时: 87秒
[2026-08-10 18:18:20] 
等待 54.2 秒后处理下一个车系...
[2026-08-10 18:19:14] 
==================================================
[2026-08-10 18:19:14] 【14/28】汉L
[2026-08-10 18:19:14] ==================================================
[2026-08-10 18:19:41]   ✅ 成功 | 耗时: 27秒
[2026-08-10 18:19:41] 
等待 36.3 秒后处理下一个车系...
[2026-08-10 18:20:17] 
==================================================
[2026-08-10 18:20:17] 【15/28】海狮07 EV
[2026-08-10 18:20:17] ==================================================
[2026-08-10 18:20:50]   ✅ 成功 | 耗时: 32秒
[2026-08-10 18:20:50] 
等待 42.2 秒后处理下一个车系...
[2026-08-10 18:21:32] 
==================================================
[2026-08-10 18:21:32] 【16/28】海狮07 DM-i
[2026-08-10 18:21:32] ==================================================
[2026-08-10 18:22:05]   ✅ 成功 | 耗时: 33秒
[2026-08-10 18:22:05] 
随机长时间休息 143.0 秒...
[2026-08-10 18:24:29] 
==================================================
[2026-08-10 18:24:29] 【17/28】海豹07 EV
[2026-08-10 18:24:29] ==================================================
[2026-08-10 18:25:02]   ✅ 成功 | 耗时: 34秒
[2026-08-10 18:25:02] 
等待 40.1 秒后处理下一个车系...
[2026-08-10 18:25:42] 
==================================================
[2026-08-10 18:25:42] 【18/28】海豹07 DM-i
[2026-08-10 18:25:42] ==================================================
[2026-08-10 18:26:20]   ✅ 成功 | 耗时: 38秒
[2026-08-10 18:26:20] 
等待 40.0 秒后处理下一个车系...
[2026-08-10 18:27:16] 
==================================================
[2026-08-10 18:27:16] 【19/28】海豹
[2026-08-10 18:27:16] ==================================================
[2026-08-10 18:27:48]   ✅ 成功 | 耗时: 32秒
[2026-08-10 18:27:48] 
等待 34.8 秒后处理下一个车系...
[2026-08-10 18:28:22] 
==================================================
[2026-08-10 18:28:22] 【20/28】捷途山海L7 PLUS
[2026-08-10 18:28:22] ==================================================
[2026-08-10 18:28:55]   ✅ 成功 | 耗时: 33秒
[2026-08-10 18:28:55] 
等待 43.5 秒后处理下一个车系...
[2026-08-10 18:29:59] 
==================================================
[2026-08-10 18:29:59] 【21/28】星纪元 ES
[2026-08-10 18:29:59] ==================================================
[2026-08-10 18:32:59]   ✅ 成功 | 耗时: 180秒
[2026-08-10 18:32:59] 
等待 49.4 秒后处理下一个车系...
[2026-08-10 18:33:49] 
==================================================
[2026-08-10 18:33:49] 【22/28】星纪元 ET
[2026-08-10 18:33:49] ==================================================
[2026-08-10 18:34:21]   ✅ 成功 | 耗时: 32秒
[2026-08-10 18:34:21] 
等待 35.6 秒后处理下一个车系...
[2026-08-10 18:34:56] 
==================================================
[2026-08-10 18:34:56] 【23/28】岚图梦想家
[2026-08-10 18:34:56] ==================================================
[2026-08-10 18:38:56]   ✅ 成功 | 耗时: 240秒
[2026-08-10 18:38:56] 
等待 57.0 秒后处理下一个车系...
[2026-08-10 18:39:53] 
==================================================
[2026-08-10 18:39:53] 【24/28】岚图知音
[2026-08-10 18:39:53] ==================================================
[2026-08-10 18:40:24]   ✅ 成功 | 耗时: 31秒
[2026-08-10 18:40:24] 
等待 53.0 秒后处理下一个车系...
[2026-08-10 18:41:17] 
==================================================
[2026-08-10 18:41:17] 【25/28】极狐 阿尔法S
[2026-08-10 18:41:17] ==================================================
[2026-08-10 18:41:51]   ✅ 成功 | 耗时: 35秒
[2026-08-10 18:41:51] 
等待 32.8 秒后处理下一个车系...
[2026-08-10 18:42:42] 
==================================================
[2026-08-10 18:42:42] 【26/28】风云A9L
[2026-08-10 18:42:42] ==================================================
[2026-08-10 18:44:21]   ✅ 成功 | 耗时: 99秒
[2026-08-10 18:44:21] 
等待 40.8 秒后处理下一个车系...
[2026-08-10 18:45:02] 
==================================================
[2026-08-10 18:45:02] 【27/28】风云T11
[2026-08-10 18:45:02] ==================================================
[2026-08-10 18:46:04]   ✅ 成功 | 耗时: 62秒
[2026-08-10 18:46:04] 
等待 46.7 秒后处理下一个车系...
[2026-08-10 18:46:50] 
==================================================
[2026-08-10 18:46:50] 【28/28】大唐
[2026-08-10 18:46:50] ==================================================
[2026-08-10 18:48:48]   ✅ 成功 | 耗时: 117秒
[2026-08-10 18:48:48] 
============================================================
[2026-08-10 18:48:48]   一键增量更新完成!
[2026-08-10 18:48:48]   成功: 28  部分成功: 0  失败: 0  跳过: 0
[2026-08-10 18:48:48]   总耗时: 58.0 分钟
[2026-08-10 18:48:48]   数据已存入阿里云RDS PostgreSQL (baoxian库)
[2026-08-10 18:48:48]   日志文件: logs\koubei_batch_20260810.log
[2026-08-10 18:48:48] ============================================================
[2026-08-10 18:48:48] 
  📋 简报已生成: briefings\口碑爬取简报_20260810_1848.md
[2026-08-10 18:48:52] 
完成时间: 2026-08-10 18:48:52
[2026-08-10 18:48:52] 总耗时: 58.1 分钟
